C:/Users/Jonathan/Documents/CryptoMonitor/Drivers/STM32F4xx_HAL_Driver/Src/stm32f4xx_hal_uart.c:3319:13:UART_EndRxTransfer	0	static,ignoring_inline_asm
C:/Users/Jonathan/Documents/CryptoMonitor/Drivers/STM32F4xx_HAL_Driver/Src/stm32f4xx_hal_uart.c:3676:13:UART_SetConfig	16	static
C:/Users/Jonathan/Documents/CryptoMonitor/Drivers/STM32F4xx_HAL_Driver/Src/stm32f4xx_hal_uart.c:3175:26:UART_WaitOnFlagUntilTimeout.constprop	24	static,ignoring_inline_asm
C:/Users/Jonathan/Documents/CryptoMonitor/Drivers/STM32F4xx_HAL_Driver/Src/stm32f4xx_hal_uart.c:711:13:HAL_UART_MspInit	0	static
C:/Users/Jonathan/Documents/CryptoMonitor/Drivers/STM32F4xx_HAL_Driver/Src/stm32f4xx_hal_uart.c:358:19:HAL_UART_Init	8	static
C:/Users/Jonathan/Documents/CryptoMonitor/Drivers/STM32F4xx_HAL_Driver/Src/stm32f4xx_hal_uart.c:435:19:HAL_HalfDuplex_Init	8	static
C:/Users/Jonathan/Documents/CryptoMonitor/Drivers/STM32F4xx_HAL_Driver/Src/stm32f4xx_hal_uart.c:508:19:HAL_LIN_Init	16	static
C:/Users/Jonathan/Documents/CryptoMonitor/Drivers/STM32F4xx_HAL_Driver/Src/stm32f4xx_hal_uart.c:589:19:HAL_MultiProcessor_Init	16	static
C:/Users/Jonathan/Documents/CryptoMonitor/Drivers/STM32F4xx_HAL_Driver/Src/stm32f4xx_hal_uart.c:726:13:HAL_UART_MspDeInit	0	static
C:/Users/Jonathan/Documents/CryptoMonitor/Drivers/STM32F4xx_HAL_Driver/Src/stm32f4xx_hal_uart.c:666:19:HAL_UART_DeInit	8	static
C:/Users/Jonathan/Documents/CryptoMonitor/Drivers/STM32F4xx_HAL_Driver/Src/stm32f4xx_hal_uart.c:1137:19:HAL_UART_Transmit	32	static
C:/Users/Jonathan/Documents/CryptoMonitor/Drivers/STM32F4xx_HAL_Driver/Src/stm32f4xx_hal_uart.c:1225:19:HAL_UART_Receive	32	static
C:/Users/Jonathan/Documents/CryptoMonitor/Drivers/STM32F4xx_HAL_Driver/Src/stm32f4xx_hal_uart.c:1316:19:HAL_UART_Transmit_IT	0	static
C:/Users/Jonathan/Documents/CryptoMonitor/Drivers/STM32F4xx_HAL_Driver/Src/stm32f4xx_hal_uart.c:1396:19:HAL_UART_Transmit_DMA	16	static,ignoring_inline_asm
C:/Users/Jonathan/Documents/CryptoMonitor/Drivers/STM32F4xx_HAL_Driver/Src/stm32f4xx_hal_uart.c:1494:19:HAL_UART_DMAPause	0	static,ignoring_inline_asm
C:/Users/Jonathan/Documents/CryptoMonitor/Drivers/STM32F4xx_HAL_Driver/Src/stm32f4xx_hal_uart.c:1531:19:HAL_UART_DMAResume	8	static,ignoring_inline_asm
C:/Users/Jonathan/Documents/CryptoMonitor/Drivers/STM32F4xx_HAL_Driver/Src/stm32f4xx_hal_uart.c:1570:19:HAL_UART_DMAStop	8	static,ignoring_inline_asm
C:/Users/Jonathan/Documents/CryptoMonitor/Drivers/STM32F4xx_HAL_Driver/Src/stm32f4xx_hal_uart.c:1625:19:HAL_UARTEx_ReceiveToIdle	40	static
C:/Users/Jonathan/Documents/CryptoMonitor/Drivers/STM32F4xx_HAL_Driver/Src/stm32f4xx_hal_uart.c:1870:19:HAL_UART_Abort	8	static,ignoring_inline_asm
C:/Users/Jonathan/Documents/CryptoMonitor/Drivers/STM32F4xx_HAL_Driver/Src/stm32f4xx_hal_uart.c:1959:19:HAL_UART_AbortTransmit	8	static,ignoring_inline_asm
C:/Users/Jonathan/Documents/CryptoMonitor/Drivers/STM32F4xx_HAL_Driver/Src/stm32f4xx_hal_uart.c:2010:19:HAL_UART_AbortReceive	8	static,ignoring_inline_asm
C:/Users/Jonathan/Documents/CryptoMonitor/Drivers/STM32F4xx_HAL_Driver/Src/stm32f4xx_hal_uart.c:2593:13:HAL_UART_TxCpltCallback	0	static
C:/Users/Jonathan/Documents/CryptoMonitor/Drivers/STM32F4xx_HAL_Driver/Src/stm32f4xx_hal_uart.c:2987:13:UART_DMATransmitCplt	8	static,ignoring_inline_asm
C:/Users/Jonathan/Documents/CryptoMonitor/Drivers/STM32F4xx_HAL_Driver/Src/stm32f4xx_hal_uart.c:2608:13:HAL_UART_TxHalfCpltCallback	0	static
C:/Users/Jonathan/Documents/CryptoMonitor/Drivers/STM32F4xx_HAL_Driver/Src/stm32f4xx_hal_uart.c:3022:13:UART_DMATxHalfCplt	8	static
C:/Users/Jonathan/Documents/CryptoMonitor/Drivers/STM32F4xx_HAL_Driver/Src/stm32f4xx_hal_uart.c:2623:13:HAL_UART_RxCpltCallback	0	static
C:/Users/Jonathan/Documents/CryptoMonitor/Drivers/STM32F4xx_HAL_Driver/Src/stm32f4xx_hal_uart.c:2638:13:HAL_UART_RxHalfCpltCallback	0	static
C:/Users/Jonathan/Documents/CryptoMonitor/Drivers/STM32F4xx_HAL_Driver/Src/stm32f4xx_hal_uart.c:2653:13:HAL_UART_ErrorCallback	0	static
C:/Users/Jonathan/Documents/CryptoMonitor/Drivers/STM32F4xx_HAL_Driver/Src/stm32f4xx_hal_uart.c:3133:13:UART_DMAError	8	static,ignoring_inline_asm
C:/Users/Jonathan/Documents/CryptoMonitor/Drivers/STM32F4xx_HAL_Driver/Src/stm32f4xx_hal_uart.c:3343:13:UART_DMAAbortOnError	8	static
C:/Users/Jonathan/Documents/CryptoMonitor/Drivers/STM32F4xx_HAL_Driver/Src/stm32f4xx_hal_uart.c:2667:13:HAL_UART_AbortCpltCallback	0	static
C:/Users/Jonathan/Documents/CryptoMonitor/Drivers/STM32F4xx_HAL_Driver/Src/stm32f4xx_hal_uart.c:2071:19:HAL_UART_Abort_IT	16	static,ignoring_inline_asm
C:/Users/Jonathan/Documents/CryptoMonitor/Drivers/STM32F4xx_HAL_Driver/Src/stm32f4xx_hal_uart.c:3413:13:UART_DMARxAbortCallback	8	static
C:/Users/Jonathan/Documents/CryptoMonitor/Drivers/STM32F4xx_HAL_Driver/Src/stm32f4xx_hal_uart.c:3367:13:UART_DMATxAbortCallback	8	static
C:/Users/Jonathan/Documents/CryptoMonitor/Drivers/STM32F4xx_HAL_Driver/Src/stm32f4xx_hal_uart.c:2682:13:HAL_UART_AbortTransmitCpltCallback	0	static
C:/Users/Jonathan/Documents/CryptoMonitor/Drivers/STM32F4xx_HAL_Driver/Src/stm32f4xx_hal_uart.c:2206:19:HAL_UART_AbortTransmit_IT	8	static,ignoring_inline_asm
C:/Users/Jonathan/Documents/CryptoMonitor/Drivers/STM32F4xx_HAL_Driver/Src/stm32f4xx_hal_uart.c:3459:13:UART_DMATxOnlyAbortCallback	8	static
C:/Users/Jonathan/Documents/CryptoMonitor/Drivers/STM32F4xx_HAL_Driver/Src/stm32f4xx_hal_uart.c:2697:13:HAL_UART_AbortReceiveCpltCallback	0	static
C:/Users/Jonathan/Documents/CryptoMonitor/Drivers/STM32F4xx_HAL_Driver/Src/stm32f4xx_hal_uart.c:2283:19:HAL_UART_AbortReceive_IT	8	static,ignoring_inline_asm
C:/Users/Jonathan/Documents/CryptoMonitor/Drivers/STM32F4xx_HAL_Driver/Src/stm32f4xx_hal_uart.c:3487:13:UART_DMARxOnlyAbortCallback	8	static
C:/Users/Jonathan/Documents/CryptoMonitor/Drivers/STM32F4xx_HAL_Driver/Src/stm32f4xx_hal_uart.c:2714:13:HAL_UARTEx_RxEventCallback	0	static
C:/Users/Jonathan/Documents/CryptoMonitor/Drivers/STM32F4xx_HAL_Driver/Src/stm32f4xx_hal_uart.c:3098:13:UART_DMARxHalfCplt	8	static
C:/Users/Jonathan/Documents/CryptoMonitor/Drivers/STM32F4xx_HAL_Driver/Src/stm32f4xx_hal_uart.c:3041:13:UART_DMAReceiveCplt	8	static,ignoring_inline_asm
C:/Users/Jonathan/Documents/CryptoMonitor/Drivers/STM32F4xx_HAL_Driver/Src/stm32f4xx_hal_uart.c:3578:26:UART_Receive_IT.part.0.isra	16	static,ignoring_inline_asm
C:/Users/Jonathan/Documents/CryptoMonitor/Drivers/STM32F4xx_HAL_Driver/Src/stm32f4xx_hal_uart.c:2361:6:HAL_UART_IRQHandler	24	static,ignoring_inline_asm
C:/Users/Jonathan/Documents/CryptoMonitor/Drivers/STM32F4xx_HAL_Driver/Src/stm32f4xx_hal_uart.c:2754:19:HAL_LIN_SendBreak	0	static,ignoring_inline_asm
C:/Users/Jonathan/Documents/CryptoMonitor/Drivers/STM32F4xx_HAL_Driver/Src/stm32f4xx_hal_uart.c:2781:19:HAL_MultiProcessor_EnterMuteMode	0	static,ignoring_inline_asm
C:/Users/Jonathan/Documents/CryptoMonitor/Drivers/STM32F4xx_HAL_Driver/Src/stm32f4xx_hal_uart.c:2808:19:HAL_MultiProcessor_ExitMuteMode	0	static,ignoring_inline_asm
C:/Users/Jonathan/Documents/CryptoMonitor/Drivers/STM32F4xx_HAL_Driver/Src/stm32f4xx_hal_uart.c:2835:19:HAL_HalfDuplex_EnableTransmitter	0	static
C:/Users/Jonathan/Documents/CryptoMonitor/Drivers/STM32F4xx_HAL_Driver/Src/stm32f4xx_hal_uart.c:2870:19:HAL_HalfDuplex_EnableReceiver	0	static
C:/Users/Jonathan/Documents/CryptoMonitor/Drivers/STM32F4xx_HAL_Driver/Src/stm32f4xx_hal_uart.c:2927:23:HAL_UART_GetState	0	static
C:/Users/Jonathan/Documents/CryptoMonitor/Drivers/STM32F4xx_HAL_Driver/Src/stm32f4xx_hal_uart.c:2942:10:HAL_UART_GetError	0	static
C:/Users/Jonathan/Documents/CryptoMonitor/Drivers/STM32F4xx_HAL_Driver/Src/stm32f4xx_hal_uart.c:3214:19:UART_Start_Receive_IT	0	static
C:/Users/Jonathan/Documents/CryptoMonitor/Drivers/STM32F4xx_HAL_Driver/Src/stm32f4xx_hal_uart.c:1361:19:HAL_UART_Receive_IT	12	static
C:/Users/Jonathan/Documents/CryptoMonitor/Drivers/STM32F4xx_HAL_Driver/Src/stm32f4xx_hal_uart.c:1752:19:HAL_UARTEx_ReceiveToIdle_IT	24	static,ignoring_inline_asm
C:/Users/Jonathan/Documents/CryptoMonitor/Drivers/STM32F4xx_HAL_Driver/Src/stm32f4xx_hal_uart.c:3252:19:UART_Start_Receive_DMA	24	static,ignoring_inline_asm
C:/Users/Jonathan/Documents/CryptoMonitor/Drivers/STM32F4xx_HAL_Driver/Src/stm32f4xx_hal_uart.c:1464:19:HAL_UART_Receive_DMA	12	static
C:/Users/Jonathan/Documents/CryptoMonitor/Drivers/STM32F4xx_HAL_Driver/Src/stm32f4xx_hal_uart.c:1813:19:HAL_UARTEx_ReceiveToIdle_DMA	24	static,ignoring_inline_asm
