C:/Users/Jonathan/Documents/CryptoMonitor/Core/Src/main.c:1006:13:SPI5_Write	16	static
C:/Users/Jonathan/Documents/CryptoMonitor/Core/Src/main.c:1118:13:TouchGFX_Task	8	static
C:/Users/Jonathan/Documents/CryptoMonitor/Core/Src/main.c:292:6:HAL_UART_ErrorCallback	0	static
C:/Users/Jonathan/Documents/CryptoMonitor/Core/Src/main.c:298:6:send_alarm	0	static
C:/Users/Jonathan/Documents/CryptoMonitor/Core/Src/main.c:306:6:program_run	40	static
C:/Users/Jonathan/Documents/CryptoMonitor/Core/Src/main.c:422:6:SystemClock_Config	152	static
C:/Users/Jonathan/Documents/CryptoMonitor/Core/Src/main.c:217:5:main	128	static
C:/Users/Jonathan/Documents/CryptoMonitor/Core/Src/main.c:850:6:IOE_Init	0	static
C:/Users/Jonathan/Documents/CryptoMonitor/Core/Src/main.c:859:6:IOE_ITConfig	0	static
C:/Users/Jonathan/Documents/CryptoMonitor/Core/Src/main.c:871:6:IOE_Write	32	static
C:/Users/Jonathan/Documents/CryptoMonitor/Core/Src/main.c:882:9:IOE_Read	32	static
C:/Users/Jonathan/Documents/CryptoMonitor/Core/Src/main.c:895:10:IOE_ReadMultiple	24	static
C:/Users/Jonathan/Documents/CryptoMonitor/Core/Src/main.c:904:6:IOE_Delay	0	static
C:/Users/Jonathan/Documents/CryptoMonitor/Core/Src/main.c:1032:6:LCD_IO_Init	8	static
C:/Users/Jonathan/Documents/CryptoMonitor/Core/Src/main.c:1042:6:LCD_IO_WriteData	16	static
C:/Users/Jonathan/Documents/CryptoMonitor/Core/Src/main.c:1058:6:LCD_IO_WriteReg	16	static
C:/Users/Jonathan/Documents/CryptoMonitor/Core/Src/main.c:1077:10:LCD_IO_ReadData	32	static
C:/Users/Jonathan/Documents/CryptoMonitor/Core/Src/main.c:1104:6:LCD_Delay	0	static
C:/Users/Jonathan/Documents/CryptoMonitor/Core/Src/main.c:1137:6:HAL_TIM_PeriodElapsedCallback	0	static
C:/Users/Jonathan/Documents/CryptoMonitor/Core/Src/main.c:1154:6:Error_Handler	0	static
